

================================================================
== Vitis HLS Report for 'krnl_idct'
================================================================
* Date:           Thu Jan 14 21:10:44 2021

* Version:        2020.1 (Build 2902540 on Wed May 27 20:16:15 MDT 2020)
* Project:        krnl_idct
* Solution:       solution (Vitis Kernel Flow Target)
* Product family: virtexuplus
* Target device:  xcvu9p-flgb2104-2-i


================================================================
== Performance Estimates
================================================================
+ Timing: 
    * Summary: 
    +--------+---------+----------+------------+
    |  Clock |  Target | Estimated| Uncertainty|
    +--------+---------+----------+------------+
    |ap_clk  | 4.00 ns | 3.392 ns |   1.08 ns  |
    +--------+---------+----------+------------+

+ Latency: 
    * Summary: 
    +---------+---------+----------+----------+------+------+---------+
    |  Latency (cycles) |  Latency (absolute) |   Interval  | Pipeline|
    |   min   |   max   |    min   |    max   |  min |  max |   Type  |
    +---------+---------+----------+----------+------+------+---------+
    |     2145|     2215| 8.580 us | 8.860 us |  2146|  2216|   none  |
    +---------+---------+----------+----------+------+------+---------+

    + Detail: 
        * Instance: 
        N/A

        * Loop: 
        N/A

============================================================
+ Verbose Summary: Synthesis Manager
============================================================
InlineROM: 1
ExposeGlobal: 0
============================================================
+ Verbose Summary: CDFG Model
============================================================
IsTopModel: 1
ResetActiveHigh: 1
IsCombinational: 0
IsDatapathOnly: 0
HasWiredReturn: 1
HasMFsm: 0
HasVarLatency: 1
IsPipeline: 0
IsRtlPipelined: 0
IsInstanceOverlapped: 0
IsDontTouch: 0
HasImplIP: 0
IsGatedGlobalClock: 0


============================================================
+ Verbose Summary: Schedule
============================================================
* Number of FSM states : 2
* Pipeline : 0
* Dataflow Pipeline: 0

* FSM state transitions: 
1 --> 2 
2 --> 

* FSM state operations: 

State 1 <SV = 0> <Delay = 1.00>
ST_1 : Operation 3 [1/1] (1.00ns)   --->   "%blocks_read = read i32 @_ssdm_op_Read.ap_none.i32, i32 %blocks" [/home/centos/workspace/lab_optimization/src/krnl_idct.cpp:345]   --->   Operation 3 'read' 'blocks_read' <Predicate = true> <Delay = 1.00> <CoreInst = "s_axilite">   --->   Core 56 's_axilite' <Latency = 0> <II = 1> <Delay = 1.00> <Adapter> <Opcode : 'read' 'write'>
ST_1 : Operation 4 [1/1] (1.00ns)   --->   "%ignore_dc_read = read i32 @_ssdm_op_Read.ap_none.i32, i32 %ignore_dc" [/home/centos/workspace/lab_optimization/src/krnl_idct.cpp:345]   --->   Operation 4 'read' 'ignore_dc_read' <Predicate = true> <Delay = 1.00> <CoreInst = "s_axilite">   --->   Core 56 's_axilite' <Latency = 0> <II = 1> <Delay = 1.00> <Adapter> <Opcode : 'read' 'write'>
ST_1 : Operation 5 [1/1] (1.00ns)   --->   "%voutp_read = read i64 @_ssdm_op_Read.s_axilite.i64, i64 %voutp" [/home/centos/workspace/lab_optimization/src/krnl_idct.cpp:345]   --->   Operation 5 'read' 'voutp_read' <Predicate = true> <Delay = 1.00> <CoreInst = "s_axilite">   --->   Core 56 's_axilite' <Latency = 0> <II = 1> <Delay = 1.00> <Adapter> <Opcode : 'read' 'write'>
ST_1 : Operation 6 [1/1] (1.00ns)   --->   "%q_read = read i64 @_ssdm_op_Read.s_axilite.i64, i64 %q" [/home/centos/workspace/lab_optimization/src/krnl_idct.cpp:345]   --->   Operation 6 'read' 'q_read' <Predicate = true> <Delay = 1.00> <CoreInst = "s_axilite">   --->   Core 56 's_axilite' <Latency = 0> <II = 1> <Delay = 1.00> <Adapter> <Opcode : 'read' 'write'>
ST_1 : Operation 7 [1/1] (1.00ns)   --->   "%block_read = read i64 @_ssdm_op_Read.s_axilite.i64, i64 %block_r" [/home/centos/workspace/lab_optimization/src/krnl_idct.cpp:345]   --->   Operation 7 'read' 'block_read' <Predicate = true> <Delay = 1.00> <CoreInst = "s_axilite">   --->   Core 56 's_axilite' <Latency = 0> <II = 1> <Delay = 1.00> <Adapter> <Opcode : 'read' 'write'>
ST_1 : Operation 8 [2/2] (0.00ns)   --->   "%call_ln360 = call void @krnl_idct_dataflow, i512 %gmem0, i512 %gmem1, i512 %gmem2, i64 %block_read, i64 %q_read, i64 %voutp_read, i32 %ignore_dc_read, i32 %blocks_read" [/home/centos/workspace/lab_optimization/src/krnl_idct.cpp:360]   --->   Operation 8 'call' 'call_ln360' <Predicate = true> <Delay = 0.00> <CoreType = "Generic">   --->   Core 0 '' <Latency = 0> <II = 1> <Delay = 1.00> <Generic> <Opcode : >

State 2 <SV = 1> <Delay = 0.00>
ST_2 : Operation 9 [1/1] (0.00ns)   --->   "%spectopmodule_ln0 = spectopmodule void @_ssdm_op_SpecTopModule, void @empty_8"   --->   Operation 9 'spectopmodule' 'spectopmodule_ln0' <Predicate = true> <Delay = 0.00>
ST_2 : Operation 10 [1/1] (0.00ns)   --->   "%specinterface_ln0 = specinterface void @_ssdm_op_SpecInterface, i32, void @empty_9, i32, i32, void @empty_12, i32, i32, void @empty_12, void @empty_12, void @empty_12, i32, i32, i32, i32, void @empty_12, void @empty_12"   --->   Operation 10 'specinterface' 'specinterface_ln0' <Predicate = true> <Delay = 0.00>
ST_2 : Operation 11 [1/1] (0.00ns)   --->   "%specinterface_ln0 = specinterface void @_ssdm_op_SpecInterface, i512 %gmem0, void @empty_14, i32, i32, void @empty_12, i32, i32, void @empty_12, void @empty_12, void @empty_12, i32, i32, i32, i32, void @empty_12, void @empty_12"   --->   Operation 11 'specinterface' 'specinterface_ln0' <Predicate = true> <Delay = 0.00>
ST_2 : Operation 12 [1/1] (0.00ns)   --->   "%specbitsmap_ln0 = specbitsmap void @_ssdm_op_SpecBitsMap, i512 %gmem0"   --->   Operation 12 'specbitsmap' 'specbitsmap_ln0' <Predicate = true> <Delay = 0.00>
ST_2 : Operation 13 [1/1] (0.00ns)   --->   "%specinterface_ln0 = specinterface void @_ssdm_op_SpecInterface, i512 %gmem1, void @empty_14, i32, i32, void @empty_12, i32, i32, void @empty_12, void @empty_12, void @empty_12, i32, i32, i32, i32, void @empty_12, void @empty_12"   --->   Operation 13 'specinterface' 'specinterface_ln0' <Predicate = true> <Delay = 0.00>
ST_2 : Operation 14 [1/1] (0.00ns)   --->   "%specbitsmap_ln0 = specbitsmap void @_ssdm_op_SpecBitsMap, i512 %gmem1"   --->   Operation 14 'specbitsmap' 'specbitsmap_ln0' <Predicate = true> <Delay = 0.00>
ST_2 : Operation 15 [1/1] (0.00ns)   --->   "%specinterface_ln0 = specinterface void @_ssdm_op_SpecInterface, i512 %gmem2, void @empty_14, i32, i32, void @empty_12, i32, i32, void @empty_12, void @empty_12, void @empty_12, i32, i32, i32, i32, void @empty_12, void @empty_12"   --->   Operation 15 'specinterface' 'specinterface_ln0' <Predicate = true> <Delay = 0.00>
ST_2 : Operation 16 [1/1] (0.00ns)   --->   "%specbitsmap_ln0 = specbitsmap void @_ssdm_op_SpecBitsMap, i512 %gmem2"   --->   Operation 16 'specbitsmap' 'specbitsmap_ln0' <Predicate = true> <Delay = 0.00>
ST_2 : Operation 17 [1/1] (0.00ns)   --->   "%specinterface_ln0 = specinterface void @_ssdm_op_SpecInterface, i64 %block_r, void @empty_11, i32, i32, void @empty_12, i32, i32, void @empty_10, void @empty_13, void @empty_12, i32, i32, i32, i32, void @empty_12, void @empty_5"   --->   Operation 17 'specinterface' 'specinterface_ln0' <Predicate = true> <Delay = 0.00>
ST_2 : Operation 18 [1/1] (0.00ns)   --->   "%specinterface_ln0 = specinterface void @_ssdm_op_SpecInterface, i64 %block_r, void @empty_3, i32, i32, void @empty_12, i32, i32, void @empty_12, void @empty_12, void @empty_12, i32, i32, i32, i32, void @empty_12, void @empty_5"   --->   Operation 18 'specinterface' 'specinterface_ln0' <Predicate = true> <Delay = 0.00>
ST_2 : Operation 19 [1/1] (0.00ns)   --->   "%specinterface_ln0 = specinterface void @_ssdm_op_SpecInterface, i64 %q, void @empty_11, i32, i32, void @empty_12, i32, i32, void @empty_10, void @empty_2, void @empty_12, i32, i32, i32, i32, void @empty_12, void @empty_5"   --->   Operation 19 'specinterface' 'specinterface_ln0' <Predicate = true> <Delay = 0.00>
ST_2 : Operation 20 [1/1] (0.00ns)   --->   "%specinterface_ln0 = specinterface void @_ssdm_op_SpecInterface, i64 %q, void @empty_3, i32, i32, void @empty_12, i32, i32, void @empty_12, void @empty_12, void @empty_12, i32, i32, i32, i32, void @empty_12, void @empty_5"   --->   Operation 20 'specinterface' 'specinterface_ln0' <Predicate = true> <Delay = 0.00>
ST_2 : Operation 21 [1/1] (0.00ns)   --->   "%specinterface_ln0 = specinterface void @_ssdm_op_SpecInterface, i64 %voutp, void @empty_11, i32, i32, void @empty_12, i32, i32, void @empty_10, void @empty_1, void @empty_12, i32, i32, i32, i32, void @empty_12, void @empty_5"   --->   Operation 21 'specinterface' 'specinterface_ln0' <Predicate = true> <Delay = 0.00>
ST_2 : Operation 22 [1/1] (0.00ns)   --->   "%specinterface_ln0 = specinterface void @_ssdm_op_SpecInterface, i64 %voutp, void @empty_3, i32, i32, void @empty_12, i32, i32, void @empty_12, void @empty_12, void @empty_12, i32, i32, i32, i32, void @empty_12, void @empty_5"   --->   Operation 22 'specinterface' 'specinterface_ln0' <Predicate = true> <Delay = 0.00>
ST_2 : Operation 23 [1/1] (0.00ns)   --->   "%specbitsmap_ln0 = specbitsmap void @_ssdm_op_SpecBitsMap, i32 %ignore_dc"   --->   Operation 23 'specbitsmap' 'specbitsmap_ln0' <Predicate = true> <Delay = 0.00>
ST_2 : Operation 24 [1/1] (0.00ns)   --->   "%specinterface_ln0 = specinterface void @_ssdm_op_SpecInterface, i32 %ignore_dc, void @empty_11, i32, i32, void @empty_12, i32, i32, void @empty_10, void @empty_16, void @empty_12, i32, i32, i32, i32, void @empty_12, void @empty_12"   --->   Operation 24 'specinterface' 'specinterface_ln0' <Predicate = true> <Delay = 0.00>
ST_2 : Operation 25 [1/1] (0.00ns)   --->   "%specinterface_ln0 = specinterface void @_ssdm_op_SpecInterface, i32 %ignore_dc, void @empty_15, i32, i32, void @empty_12, i32, i32, void @empty_12, void @empty_12, void @empty_12, i32, i32, i32, i32, void @empty_12, void @empty_12"   --->   Operation 25 'specinterface' 'specinterface_ln0' <Predicate = true> <Delay = 0.00>
ST_2 : Operation 26 [1/1] (0.00ns)   --->   "%specbitsmap_ln0 = specbitsmap void @_ssdm_op_SpecBitsMap, i32 %blocks"   --->   Operation 26 'specbitsmap' 'specbitsmap_ln0' <Predicate = true> <Delay = 0.00>
ST_2 : Operation 27 [1/1] (0.00ns)   --->   "%specinterface_ln0 = specinterface void @_ssdm_op_SpecInterface, i32 %blocks, void @empty_11, i32, i32, void @empty_12, i32, i32, void @empty_10, void @empty, void @empty_12, i32, i32, i32, i32, void @empty_12, void @empty_12"   --->   Operation 27 'specinterface' 'specinterface_ln0' <Predicate = true> <Delay = 0.00>
ST_2 : Operation 28 [1/1] (0.00ns)   --->   "%specinterface_ln0 = specinterface void @_ssdm_op_SpecInterface, i32 %blocks, void @empty_15, i32, i32, void @empty_12, i32, i32, void @empty_12, void @empty_12, void @empty_12, i32, i32, i32, i32, void @empty_12, void @empty_12"   --->   Operation 28 'specinterface' 'specinterface_ln0' <Predicate = true> <Delay = 0.00>
ST_2 : Operation 29 [1/1] (0.00ns)   --->   "%specinterface_ln0 = specinterface void @_ssdm_op_SpecInterface, i32, void @empty_11, i32, i32, void @empty_12, i32, i32, void @empty_10, void @empty_12, void @empty_12, i32, i32, i32, i32, void @empty_12, void @empty_12"   --->   Operation 29 'specinterface' 'specinterface_ln0' <Predicate = true> <Delay = 0.00>
ST_2 : Operation 30 [1/2] (0.00ns)   --->   "%call_ln360 = call void @krnl_idct_dataflow, i512 %gmem0, i512 %gmem1, i512 %gmem2, i64 %block_read, i64 %q_read, i64 %voutp_read, i32 %ignore_dc_read, i32 %blocks_read" [/home/centos/workspace/lab_optimization/src/krnl_idct.cpp:360]   --->   Operation 30 'call' 'call_ln360' <Predicate = true> <Delay = 0.00> <CoreType = "Generic">   --->   Core 0 '' <Latency = 0> <II = 1> <Delay = 1.00> <Generic> <Opcode : >
ST_2 : Operation 31 [1/1] (0.00ns)   --->   "%ret_ln361 = ret" [/home/centos/workspace/lab_optimization/src/krnl_idct.cpp:361]   --->   Operation 31 'ret' 'ret_ln361' <Predicate = true> <Delay = 0.00>


============================================================
+ Verbose Summary: Timing violations
============================================================
Target clock period: 4ns, clock uncertainty: 1.08ns.

 <State 1>: 1ns
The critical path consists of the following:
	wire read on port 'blocks' (/home/centos/workspace/lab_optimization/src/krnl_idct.cpp:345) [30]  (1 ns)

 <State 2>: 0ns
The critical path consists of the following:


============================================================
+ Verbose Summary: Binding
============================================================
N/A
* FSMD analyzer results:
  - Output states:
 - Input state : 
  - Chain level:
	State 1
	State 2


============================================================
+ Verbose Summary: Datapath Resource usage 
============================================================
N/A
