#-----------------------------------------------------------
# Webtalk v2020.1 (64-bit)
# SW Build 2902540 on Wed May 27 19:54:35 MDT 2020
# IP Build 2902112 on Wed May 27 22:43:36 MDT 2020
# Start of session at: Fri Jan 15 11:39:10 2021
# Process ID: 4814
# Current directory: /home/centos/workspace/arrayb_block_partitioning/Emulation-HW/matmul.build/link/vivado/vpl/prj/prj.sim/sim_1/behav/xsim
# Command line: wbtcv -mode batch -source /home/centos/workspace/arrayb_block_partitioning/Emulation-HW/matmul.build/link/vivado/vpl/prj/prj.sim/sim_1/behav/xsim/xsim.dir/emu_wrapper_behav/webtalk/xsim_webtalk.tcl -notrace
# Log file: /home/centos/workspace/arrayb_block_partitioning/Emulation-HW/matmul.build/link/vivado/vpl/prj/prj.sim/sim_1/behav/xsim/webtalk.log
# Journal file: /home/centos/workspace/arrayb_block_partitioning/Emulation-HW/matmul.build/link/vivado/vpl/prj/prj.sim/sim_1/behav/xsim/webtalk.jou
#-----------------------------------------------------------
source /home/centos/workspace/arrayb_block_partitioning/Emulation-HW/matmul.build/link/vivado/vpl/prj/prj.sim/sim_1/behav/xsim/xsim.dir/emu_wrapper_behav/webtalk/xsim_webtalk.tcl -notrace
